// Jest Snapshot v1, https://goo.gl/fbAQLP

exports[`<BlockedAccount /> should render BlockedAccount 1`] = `
<div
  id="blocked-account"
>
  <h1>
    Your account has been locked because of too many failed login attempts. Please contact your administrator.
  </h1>
</div>
`;
